// Jest Snapshot v1, https://goo.gl/fbAQLP

exports[`GenomesFile reads a basic genomes.txt file 1`] = `
GenomesFile {
  "data": {
    "hg18": RaStanza {
      "data": {
        "genome": "hg18",
        "trackDb": "hg18/trackDb.txt",
      },
      "name": "hg18",
      "nameKey": "genome",
    },
    "hg19": RaStanza {
      "data": {
        "genome": "hg19",
        "trackDb": "hg19/trackDb.txt",
      },
      "name": "hg19",
      "nameKey": "genome",
    },
    "newOrg1": RaStanza {
      "data": {
        "defaultPos": "chr21:33031596-33033258",
        "description": "Big Foot V4",
        "genome": "newOrg1",
        "groups": "newOrg1/groups.txt",
        "htmlPath": "newOrg1/description.html",
        "orderKey": "4800",
        "organism": "BigFoot",
        "scientificName": "Biggus Footus",
        "trackDb": "newOrg1/trackDb.txt",
        "twoBitPath": "newOrg1/newOrg1.2bit",
      },
      "name": "newOrg1",
      "nameKey": "genome",
    },
  },
  "nameKey": "genome",
}
`;
